// Jest Snapshot v1, https://goo.gl/fbAQLP

exports[`<Component> matches snapshot 1`] = `
.c0 {
  background-color: green;
}

<div
  class="c0"
  data-testid="component-id"
>
  Hello World
</div>
`;
